// Jest Snapshot v1, https://goo.gl/fbAQLP

exports[`tests for CountyCard snapshot tests renders without crashing 1`] = `"<div class=\\"MuiPaper-root MuiCard-root makeStyles-root-1 MuiPaper-elevation1 MuiPaper-rounded\\"><div class=\\"MuiCardContent-root\\"><h5 class=\\"MuiTypography-root MuiTypography-h5\\"></h5></div></div>"`;
